<pre class="grvsc-container default-dark" data-language=""><code class="grvsc-code"><span class="grvsc-line">()</span></code></pre>
<pre class="grvsc-container default-dark" data-language="xml"><code class="grvsc-code"><span class="grvsc-line"><span class="mtk17">&#x3C;</span><span class="mtk4">x:xmpmeta</span><span class="mtk1"> </span><span class="mtk12">xmlns:x</span><span class="mtk1">=</span><span class="mtk8">"adobe:ns:meta/"</span><span class="mtk1"> </span><span class="mtk12">x:xmptk</span><span class="mtk1">=</span><span class="mtk8">"XMP Core 5.4.0"</span><span class="mtk17">></span></span>
<span class="grvsc-line"><span class="mtk1">   </span><span class="mtk17">&#x3C;</span><span class="mtk4">rdf:RDF</span><span class="mtk1"> </span><span class="mtk12">xmlns:rdf</span><span class="mtk1">=</span><span class="mtk8">"http://www.w3.org/1999/02/22-rdf-syntax-ns#"</span><span class="mtk17">></span></span>
<span class="grvsc-line"><span class="mtk1">      </span><span class="mtk17">&#x3C;</span><span class="mtk4">rdf:Description</span><span class="mtk1"> </span><span class="mtk12">rdf:about</span><span class="mtk1">=</span><span class="mtk8">""</span></span>
<span class="grvsc-line"><span class="mtk1">            </span><span class="mtk12">xmlns:apple_desktop</span><span class="mtk1">=</span><span class="mtk8">"http://ns.apple.com/namespace/1.0/"</span><span class="mtk17">></span></span>
<span class="grvsc-line"><span class="mtk1">         </span><span class="mtk17">&#x3C;</span><span class="mtk4">apple_desktop:apr</span><span class="mtk17">></span></span>
<span class="grvsc-line"><span class="mtk1">             </span><span class="mtk3">&#x3C;!-- (Base64-Encoded Metadata) --></span></span>
<span class="grvsc-line"><span class="mtk1">         </span><span class="mtk17">&#x3C;/</span><span class="mtk4">apple_desktop:apr</span><span class="mtk17">></span></span>
<span class="grvsc-line"><span class="mtk1">      </span><span class="mtk17">&#x3C;/</span><span class="mtk4">rdf:Description</span><span class="mtk17">></span></span>
<span class="grvsc-line"><span class="mtk1">   </span><span class="mtk17">&#x3C;/</span><span class="mtk4">rdf:RDF</span><span class="mtk17">></span></span>
<span class="grvsc-line"><span class="mtk17">&#x3C;/</span><span class="mtk4">x:xmpmeta</span><span class="mtk17">></span></span></code></pre>
<style class="grvsc-styles">
  :root {
  --vscode-highlight-padding-v: 1rem;
  --vscode-highlight-padding-h: 1.5rem;
  --vscode-highlight-padding-top: var(--vscode-highlight-padding-v);
  --vscode-highlight-padding-right: var(--vscode-highlight-padding-h);
  --vscode-highlight-padding-bottom: var(--vscode-highlight-padding-v);
  --vscode-highlight-padding-left: var(--vscode-highlight-padding-h);
  --vscode-highlight-border-radius: 8px;

  --vscode-highlight-line-highlighted-background-color: transparent;
  --vscode-highlight-line-highlighted-border-width: 4px;
  --vscode-highlight-line-highlighted-border-color: transparent;
}

.grvsc-container {
  overflow: auto;
  -webkit-overflow-scrolling: touch;
  padding-top: 1rem;
  padding-top: var(--vscode-highlight-padding-top);
  padding-bottom: 1rem;
  padding-bottom: var(--vscode-highlight-padding-bottom);
  border-radius: 8px;
  border-radius: var(--vscode-highlight-border-radius);
  font-feature-settings: normal;
}

.grvsc-code {
  display: inline-block;
  min-width: 100%;
}

.grvsc-line {
  display: inline-block;
  box-sizing: border-box;
  width: 100%;
  padding-left: 1.5rem;
  padding-left: var(--vscode-highlight-padding-left);
  padding-right: 1.5rem;
  padding-right: var(--vscode-highlight-padding-right);
}

.grvsc-highlighted {
  background-color: var(--vscode-highlight-line-highlighted-background-color);
  box-shadow: inset var(--vscode-highlight-line-highlighted-border-width) 0 0 0 var(--vscode-highlight-line-highlighted-border-color);
}

  .mtki {font-style: italic; }
  .mtkb {font-weight: bold; }
  .mtku {text-decoration: underline;
    text-underline-position: under;}
  .default-dark {background-color: #1E1E1E;
    color: #D4D4D4;}
  .default-dark .mtk17 {color: #808080; }
  .default-dark .mtk4 {color: #569CD6; }
  .default-dark .mtk1 {color: #D4D4D4; }
  .default-dark .mtk12 {color: #9CDCFE; }
  .default-dark .mtk8 {color: #CE9178; }
  .default-dark .mtk3 {color: #6A9955; }
</style>